Loading model: /home/ankith/.cache/polymind/models/Llama-3.2-3B-Instruct.Q5_K_M.gguf


Model loaded successfully.


Response:
A GPU, or Graphics Processing Unit, is a specialized electronic circuit designed to quickly manipulate and alter memory to accelerate the creation of images on a display device, but is now also used for various non-graphical computing tasks such as scientific simulations, machine learning, and more.
